I'm sorry, but errors were detected in your script. Please correct the
errors listed below, and try again.


File "game/script.rpy", line 355: end of line expected.
    show liza at left 1
                      ^

Ren'Py Version: Ren'Py 8.1.3.23091805
Sun Dec 31 20:53:16 2023
